Current runner version: '2.337.0'
##[group]Runner Image Provisioner
Hosted Compute Agent
Version: 20260828.587
Commit: abac92662cab4cc7352de4f9f9d2e2419aad9c29
Build Date: 2026-08-28T16:44:25Z
Worker ID: {94440a37-aceb-4eb0-9fd6-7eeddf3a448a}
Azure Region: eastus
##[endgroup]
##[group]Operating System
Ubuntu
24.04.5
LTS
##[endgroup]
##[group]Runner Image
Image: ubuntu-24.04
Version: 20260907.300.1
Included Software: https://github.com/actions/runner-images/blob/ubuntu24/20260907.300/images/ubuntu/Ubuntu2404-Readme.md
Image Release: https://github.com/actions/runner-images/releases/tag/ubuntu24%2F20260907.300
##[endgroup]
##[group]GITHUB_TOKEN Permissions
Contents: read
Metadata: read
##[endgroup]
Secret source: Actions
Cache mode: write
Prepare workflow directory
Prepare all required actions
Getting action download info
Download action repository 'actions/checkout@3d3c42e5aac5ba805825da76410c181273ba90b1' (SHA:3d3c42e5aac5ba805825da76410c181273ba90b1)
Complete job name: Validate skills
##[group]Run actions/checkout@3d3c42e5aac5ba805825da76410c181273ba90b1
with:
  persist-credentials: false
  repository: ThunderIsMad/aether-vpn-engine
  token: ***
  ssh-strict: true
  ssh-user: git
  clean: true
  sparse-checkout-cone-mode: true
  fetch-depth: 1
  fetch-tags: false
  show-progress: true
  lfs: false
  submodules: false
  set-safe-directory: true
  allow-unsafe-pr-checkout: false
##[endgroup]
Syncing repository: ThunderIsMad/aether-vpn-engine
##[group]Getting Git version info
Working directory is '/home/runner/work/aether-vpn-engine/aether-vpn-engine'
[command]/usr/bin/git version
git version 2.55.0
##[endgroup]
Temporarily overriding HOME='/home/runner/work/_temp/83ffdb31-29b4-499c-b890-0443af42277d' before making global git config changes
Adding repository directory to the temporary git global config as a safe directory
[command]/usr/bin/git config --global --add safe.directory /home/runner/work/aether-vpn-engine/aether-vpn-engine
Deleting the contents of '/home/runner/work/aether-vpn-engine/aether-vpn-engine'
##[group]Determining repository object format
##[endgroup]
##[group]Initializing the repository
[command]/usr/bin/git init /home/runner/work/aether-vpn-engine/aether-vpn-engine
hint: Using 'master' as the name for the initial branch. This default branch name
hint: will change to "main" in Git 3.0. To configure the initial branch name
hint: to use in all of your new repositories, which will suppress this warning,
hint: call:
hint:
hint: 	git config --global init.defaultBranch <name>
hint:
hint: Names commonly chosen instead of 'master' are 'main', 'trunk' and
hint: 'development'. The just-created branch can be renamed via this command:
hint:
hint: 	git branch -m <name>
hint:
hint: Disable this message with "git config set advice.defaultBranchName false"
Initialized empty Git repository in /home/runner/work/aether-vpn-engine/aether-vpn-engine/.git/
[command]/usr/bin/git remote add origin https://github.com/ThunderIsMad/aether-vpn-engine
##[endgroup]
##[group]Disabling automatic garbage collection
[command]/usr/bin/git config --local gc.auto 0
##[endgroup]
##[group]Setting up auth
Removing SSH command configuration
[command]/usr/bin/git config --local --name-only --get-regexp core\.sshCommand
[command]/usr/bin/git submodule foreach --recursive sh -c "git config --local --name-only --get-regexp 'core\.sshCommand' && git config --local --unset-all 'core.sshCommand' || :"
Removing HTTP extra header
[command]/usr/bin/git config --local --name-only --get-regexp http\.https\:\/\/github\.com\/\.extraheader
[command]/usr/bin/git submodule foreach --recursive sh -c "git config --local --name-only --get-regexp 'http\.https\:\/\/github\.com\/\.extraheader' && git config --local --unset-all 'http.https://github.com/.extraheader' || :"
Removing includeIf entries pointing to credentials config files
[command]/usr/bin/git config --local --name-only --get-regexp ^includeIf\.gitdir:
[command]/usr/bin/git submodule foreach --recursive git config --local --show-origin --name-only --get-regexp remote.origin.url
[command]/usr/bin/git config --file /home/runner/work/_temp/git-credentials-d6810d45-7ef8-4482-b482-a2c82d916962.config http.https://github.com/.extraheader AUTHORIZATION: basic ***
[command]/usr/bin/git config --local includeIf.gitdir:/home/runner/work/aether-vpn-engine/aether-vpn-engine/.git.path /home/runner/work/_temp/git-credentials-d6810d45-7ef8-4482-b482-a2c82d916962.config
[command]/usr/bin/git config --local includeIf.gitdir:/home/runner/work/aether-vpn-engine/aether-vpn-engine/.git/worktrees/*.path /home/runner/work/_temp/git-credentials-d6810d45-7ef8-4482-b482-a2c82d916962.config
[command]/usr/bin/git config --local includeIf.gitdir:/github/workspace/.git.path /github/runner_temp/git-credentials-d6810d45-7ef8-4482-b482-a2c82d916962.config
[command]/usr/bin/git config --local includeIf.gitdir:/github/workspace/.git/worktrees/*.path /github/runner_temp/git-credentials-d6810d45-7ef8-4482-b482-a2c82d916962.config
##[endgroup]
##[group]Fetching the repository
[command]/usr/bin/git -c protocol.version=2 fetch --no-tags --prune --no-recurse-submodules --depth=1 origin +9b5697bdc2ed1604a1811eddc6983d962d71f734:refs/remotes/origin/main
From https://github.com/ThunderIsMad/aether-vpn-engine
 * [new ref]         9b5697bdc2ed1604a1811eddc6983d962d71f734 -> origin/main
[command]/usr/bin/git branch --list --remote origin/main
  origin/main
[command]/usr/bin/git rev-parse refs/remotes/origin/main
9b5697bdc2ed1604a1811eddc6983d962d71f734
##[endgroup]
##[group]Determining the checkout info
##[endgroup]
[command]/usr/bin/git sparse-checkout disable
[command]/usr/bin/git config --local --unset-all extensions.worktreeConfig
##[group]Checking out the ref
[command]/usr/bin/git checkout --progress --force -B main refs/remotes/origin/main
Switched to a new branch 'main'
branch 'main' set up to track 'origin/main'.
##[endgroup]
[command]/usr/bin/git log -1 --format=%H
9b5697bdc2ed1604a1811eddc6983d962d71f734
##[group]Removing auth
Removing SSH command configuration
[command]/usr/bin/git config --local --name-only --get-regexp core\.sshCommand
[command]/usr/bin/git submodule foreach --recursive sh -c "git config --local --name-only --get-regexp 'core\.sshCommand' && git config --local --unset-all 'core.sshCommand' || :"
Removing HTTP extra header
[command]/usr/bin/git config --local --name-only --get-regexp http\.https\:\/\/github\.com\/\.extraheader
[command]/usr/bin/git submodule foreach --recursive sh -c "git config --local --name-only --get-regexp 'http\.https\:\/\/github\.com\/\.extraheader' && git config --local --unset-all 'http.https://github.com/.extraheader' || :"
Removing includeIf entries pointing to credentials config files
[command]/usr/bin/git config --local --name-only --get-regexp ^includeIf\.gitdir:
includeif.gitdir:/home/runner/work/aether-vpn-engine/aether-vpn-engine/.git.path
includeif.gitdir:/home/runner/work/aether-vpn-engine/aether-vpn-engine/.git/worktrees/*.path
includeif.gitdir:/github/workspace/.git.path
includeif.gitdir:/github/workspace/.git/worktrees/*.path
[command]/usr/bin/git config --local --get-all includeif.gitdir:/home/runner/work/aether-vpn-engine/aether-vpn-engine/.git.path
/home/runner/work/_temp/git-credentials-d6810d45-7ef8-4482-b482-a2c82d916962.config
[command]/usr/bin/git config --local --unset includeif.gitdir:/home/runner/work/aether-vpn-engine/aether-vpn-engine/.git.path \/home\/runner\/work\/_temp\/git\-credentials\-d6810d45\-7ef8\-4482\-b482\-a2c82d916962\.config
[command]/usr/bin/git config --local --get-all includeif.gitdir:/home/runner/work/aether-vpn-engine/aether-vpn-engine/.git/worktrees/*.path
/home/runner/work/_temp/git-credentials-d6810d45-7ef8-4482-b482-a2c82d916962.config
[command]/usr/bin/git config --local --unset includeif.gitdir:/home/runner/work/aether-vpn-engine/aether-vpn-engine/.git/worktrees/*.path \/home\/runner\/work\/_temp\/git\-credentials\-d6810d45\-7ef8\-4482\-b482\-a2c82d916962\.config
[command]/usr/bin/git config --local --get-all includeif.gitdir:/github/workspace/.git.path
/github/runner_temp/git-credentials-d6810d45-7ef8-4482-b482-a2c82d916962.config
[command]/usr/bin/git config --local --unset includeif.gitdir:/github/workspace/.git.path \/github\/runner_temp\/git\-credentials\-d6810d45\-7ef8\-4482\-b482\-a2c82d916962\.config
[command]/usr/bin/git config --local --get-all includeif.gitdir:/github/workspace/.git/worktrees/*.path
/github/runner_temp/git-credentials-d6810d45-7ef8-4482-b482-a2c82d916962.config
[command]/usr/bin/git config --local --unset includeif.gitdir:/github/workspace/.git/worktrees/*.path \/github\/runner_temp\/git\-credentials\-d6810d45\-7ef8\-4482\-b482\-a2c82d916962\.config
[command]/usr/bin/git submodule foreach --recursive git config --local --show-origin --name-only --get-regexp remote.origin.url
Removing credentials config '/home/runner/work/_temp/git-credentials-d6810d45-7ef8-4482-b482-a2c82d916962.config'
##[endgroup]
##[group]Run python3 -m venv "$RUNNER_TEMP/skill-venv"
python3 -m venv "$RUNNER_TEMP/skill-venv"
"$RUNNER_TEMP/skill-venv/bin/pip" install --quiet pyyaml==6.0.3
shell: /usr/bin/bash -e {0}
##[endgroup]
##[group]Run "$RUNNER_TEMP/skill-venv/bin/python" scripts/validate_skills.py
"$RUNNER_TEMP/skill-venv/bin/python" scripts/validate_skills.py
shell: /usr/bin/bash -e {0}
##[endgroup]
path                                              name                    name valid  status
------------------------------------------------------------------------------------------------
.agents/skills/anti-air-audit                     anti-air-audit          True        OK
.agents/skills/claim-traceability                 claim-traceability      True        OK
.agents/skills/crate-feasibility                  crate-feasibility       True        OK
.agents/skills/impl-phase-driver                  impl-phase-driver       True        OK
.agents/skills/mechanism-drilldown                mechanism-drilldown     True        OK
.agents/skills/phase0-scaffold                    phase0-scaffold         True        OK
.agents/skills/rotation-test-writer               rotation-test-writer    True        OK

7 skill(s), 0 error(s), 0 warning(s)
Post job cleanup.
[command]/usr/bin/git version
git version 2.55.0
Temporarily overriding HOME='/home/runner/work/_temp/b5786c6f-bf30-46b3-a47b-9f4b29f54696' before making global git config changes
Adding repository directory to the temporary git global config as a safe directory
[command]/usr/bin/git config --global --add safe.directory /home/runner/work/aether-vpn-engine/aether-vpn-engine
Removing SSH command configuration
[command]/usr/bin/git config --local --name-only --get-regexp core\.sshCommand
[command]/usr/bin/git submodule foreach --recursive sh -c "git config --local --name-only --get-regexp 'core\.sshCommand' && git config --local --unset-all 'core.sshCommand' || :"
Removing HTTP extra header
[command]/usr/bin/git config --local --name-only --get-regexp http\.https\:\/\/github\.com\/\.extraheader
[command]/usr/bin/git submodule foreach --recursive sh -c "git config --local --name-only --get-regexp 'http\.https\:\/\/github\.com\/\.extraheader' && git config --local --unset-all 'http.https://github.com/.extraheader' || :"
Removing includeIf entries pointing to credentials config files
[command]/usr/bin/git config --local --name-only --get-regexp ^includeIf\.gitdir:
[command]/usr/bin/git submodule foreach --recursive git config --local --show-origin --name-only --get-regexp remote.origin.url
Cleaning up orphan processes
