2026-09-18T09:49:57.1944351Z Current runner version: '2.337.0'
2026-09-18T09:49:57.1966035Z ##[group]Runner Image Provisioner
2026-09-18T09:49:57.1966869Z Hosted Compute Agent
2026-09-18T09:49:57.1967400Z Version: 20260828.587
2026-09-18T09:49:57.1967966Z Commit: abac92662cab4cc7352de4f9f9d2e2419aad9c29
2026-09-18T09:49:57.1968643Z Build Date: 2026-08-28T16:44:25Z
2026-09-18T09:49:57.1969238Z Worker ID: {febe1215-e110-4c0c-8421-f945e4ab0381}
2026-09-18T09:49:57.1969868Z Azure Region: westus3
2026-09-18T09:49:57.1970372Z ##[endgroup]
2026-09-18T09:49:57.1971902Z ##[group]Operating System
2026-09-18T09:49:57.1972476Z Ubuntu
2026-09-18T09:49:57.1972911Z 24.04.5
2026-09-18T09:49:57.1973390Z LTS
2026-09-18T09:49:57.1973845Z ##[endgroup]
2026-09-18T09:49:57.1974314Z ##[group]Runner Image
2026-09-18T09:49:57.1974832Z Image: ubuntu-24.04
2026-09-18T09:49:57.1975312Z Version: 20260907.300.1
2026-09-18T09:49:57.1976412Z Included Software: https://github.com/actions/runner-images/blob/ubuntu24/20260907.300/images/ubuntu/Ubuntu2404-Readme.md
2026-09-18T09:49:57.1977694Z Image Release: https://github.com/actions/runner-images/releases/tag/ubuntu24%2F20260907.300
2026-09-18T09:49:57.1978520Z ##[endgroup]
2026-09-18T09:49:57.1979463Z ##[group]GITHUB_TOKEN Permissions
2026-09-18T09:49:57.1981906Z Contents: read
2026-09-18T09:49:57.1982408Z Metadata: read
2026-09-18T09:49:57.1982911Z ##[endgroup]
2026-09-18T09:49:57.1984673Z Secret source: Actions
2026-09-18T09:49:57.1985834Z Cache mode: write
2026-09-18T09:49:57.1986436Z Prepare workflow directory
2026-09-18T09:49:57.2256869Z Prepare all required actions
2026-09-18T09:49:57.2298468Z Getting action download info
2026-09-18T09:49:57.5459349Z Download action repository 'actions/checkout@3d3c42e5aac5ba805825da76410c181273ba90b1' (SHA:3d3c42e5aac5ba805825da76410c181273ba90b1)
2026-09-18T09:49:57.9720672Z Complete job name: Validate skills
2026-09-18T09:49:58.0312186Z ##[group]Run actions/checkout@3d3c42e5aac5ba805825da76410c181273ba90b1
2026-09-18T09:49:58.0313150Z with:
2026-09-18T09:49:58.0313610Z   persist-credentials: false
2026-09-18T09:49:58.0314221Z   repository: ThunderIsMad/aether-vpn-engine
2026-09-18T09:49:58.0317832Z   token: ***
2026-09-18T09:49:58.0318287Z   ssh-strict: true
2026-09-18T09:49:58.0318771Z   ssh-user: git
2026-09-18T09:49:58.0319207Z   clean: true
2026-09-18T09:49:58.0319691Z   sparse-checkout-cone-mode: true
2026-09-18T09:49:58.0320211Z   fetch-depth: 1
2026-09-18T09:49:58.0320633Z   fetch-tags: false
2026-09-18T09:49:58.0321132Z   show-progress: true
2026-09-18T09:49:58.0321796Z   lfs: false
2026-09-18T09:49:58.0322228Z   submodules: false
2026-09-18T09:49:58.0322730Z   set-safe-directory: true
2026-09-18T09:49:58.0323217Z   allow-unsafe-pr-checkout: false
2026-09-18T09:49:58.0323922Z ##[endgroup]
2026-09-18T09:49:58.1212741Z Syncing repository: ThunderIsMad/aether-vpn-engine
2026-09-18T09:49:58.1215739Z ##[group]Getting Git version info
2026-09-18T09:49:58.1216958Z Working directory is '/home/runner/work/aether-vpn-engine/aether-vpn-engine'
2026-09-18T09:49:58.1218551Z [command]/usr/bin/git version
2026-09-18T09:49:58.3175043Z git version 2.55.0
2026-09-18T09:49:58.3191013Z ##[endgroup]
2026-09-18T09:49:58.3199874Z Temporarily overriding HOME='/home/runner/work/_temp/ba3ce7b4-9300-427a-9102-e73d5e64410b' before making global git config changes
2026-09-18T09:49:58.3201109Z Adding repository directory to the temporary git global config as a safe directory
2026-09-18T09:49:58.3205317Z [command]/usr/bin/git config --global --add safe.directory /home/runner/work/aether-vpn-engine/aether-vpn-engine
2026-09-18T09:49:58.4164503Z Deleting the contents of '/home/runner/work/aether-vpn-engine/aether-vpn-engine'
2026-09-18T09:49:58.4167501Z ##[group]Determining repository object format
2026-09-18T09:49:58.4169049Z ##[endgroup]
2026-09-18T09:49:58.4169840Z ##[group]Initializing the repository
2026-09-18T09:49:58.4173658Z [command]/usr/bin/git init /home/runner/work/aether-vpn-engine/aether-vpn-engine
2026-09-18T09:49:58.7363569Z hint: Using 'master' as the name for the initial branch. This default branch name
2026-09-18T09:49:58.7366009Z hint: will change to "main" in Git 3.0. To configure the initial branch name
2026-09-18T09:49:58.7372662Z hint: to use in all of your new repositories, which will suppress this warning,
2026-09-18T09:49:58.7373770Z hint: call:
2026-09-18T09:49:58.7374312Z hint:
2026-09-18T09:49:58.7374916Z hint: 	git config --global init.defaultBranch <name>
2026-09-18T09:49:58.7375686Z hint:
2026-09-18T09:49:58.7376356Z hint: Names commonly chosen instead of 'master' are 'main', 'trunk' and
2026-09-18T09:49:58.7377276Z hint: 'development'. The just-created branch can be renamed via this command:
2026-09-18T09:49:58.7378017Z hint:
2026-09-18T09:49:58.7378459Z hint: 	git branch -m <name>
2026-09-18T09:49:58.7378957Z hint:
2026-09-18T09:49:58.7379701Z hint: Disable this message with "git config set advice.defaultBranchName false"
2026-09-18T09:49:58.7380755Z Initialized empty Git repository in /home/runner/work/aether-vpn-engine/aether-vpn-engine/.git/
2026-09-18T09:49:58.7384325Z [command]/usr/bin/git remote add origin https://github.com/ThunderIsMad/aether-vpn-engine
2026-09-18T09:49:58.7955586Z ##[endgroup]
2026-09-18T09:49:58.7957959Z ##[group]Disabling automatic garbage collection
2026-09-18T09:49:58.7959469Z [command]/usr/bin/git config --local gc.auto 0
2026-09-18T09:49:58.7987014Z ##[endgroup]
2026-09-18T09:49:58.7988861Z ##[group]Setting up auth
2026-09-18T09:49:58.7990023Z Removing SSH command configuration
2026-09-18T09:49:58.7992221Z [command]/usr/bin/git config --local --name-only --get-regexp core\.sshCommand
2026-09-18T09:49:58.8018661Z [command]/usr/bin/git submodule foreach --recursive sh -c "git config --local --name-only --get-regexp 'core\.sshCommand' && git config --local --unset-all 'core.sshCommand' || :"
2026-09-18T09:49:59.0872927Z Removing HTTP extra header
2026-09-18T09:49:59.0877201Z [command]/usr/bin/git config --local --name-only --get-regexp http\.https\:\/\/github\.com\/\.extraheader
2026-09-18T09:49:59.0901933Z [command]/usr/bin/git submodule foreach --recursive sh -c "git config --local --name-only --get-regexp 'http\.https\:\/\/github\.com\/\.extraheader' && git config --local --unset-all 'http.https://github.com/.extraheader' || :"
2026-09-18T09:49:59.1063658Z Removing includeIf entries pointing to credentials config files
2026-09-18T09:49:59.1064380Z [command]/usr/bin/git config --local --name-only --get-regexp ^includeIf\.gitdir:
2026-09-18T09:49:59.1091791Z [command]/usr/bin/git submodule foreach --recursive git config --local --show-origin --name-only --get-regexp remote.origin.url
2026-09-18T09:49:59.1257832Z [command]/usr/bin/git config --file /home/runner/work/_temp/git-credentials-66520b24-d613-4e60-a40e-4fad1b744374.config http.https://github.com/.extraheader AUTHORIZATION: basic ***
2026-09-18T09:49:59.1288941Z [command]/usr/bin/git config --local includeIf.gitdir:/home/runner/work/aether-vpn-engine/aether-vpn-engine/.git.path /home/runner/work/_temp/git-credentials-66520b24-d613-4e60-a40e-4fad1b744374.config
2026-09-18T09:49:59.1313336Z [command]/usr/bin/git config --local includeIf.gitdir:/home/runner/work/aether-vpn-engine/aether-vpn-engine/.git/worktrees/*.path /home/runner/work/_temp/git-credentials-66520b24-d613-4e60-a40e-4fad1b744374.config
2026-09-18T09:49:59.1340317Z [command]/usr/bin/git config --local includeIf.gitdir:/github/workspace/.git.path /github/runner_temp/git-credentials-66520b24-d613-4e60-a40e-4fad1b744374.config
2026-09-18T09:49:59.1368161Z [command]/usr/bin/git config --local includeIf.gitdir:/github/workspace/.git/worktrees/*.path /github/runner_temp/git-credentials-66520b24-d613-4e60-a40e-4fad1b744374.config
2026-09-18T09:49:59.1389216Z ##[endgroup]
2026-09-18T09:49:59.1390141Z ##[group]Fetching the repository
2026-09-18T09:49:59.1396176Z [command]/usr/bin/git -c protocol.version=2 fetch --no-tags --prune --no-recurse-submodules --depth=1 origin +cfdb7c48c4b8434f77389d377d9c85b62329d097:refs/remotes/origin/main
2026-09-18T09:50:00.4282941Z From https://github.com/ThunderIsMad/aether-vpn-engine
2026-09-18T09:50:00.4283986Z  * [new ref]         cfdb7c48c4b8434f77389d377d9c85b62329d097 -> origin/main
2026-09-18T09:50:00.4286402Z [command]/usr/bin/git branch --list --remote origin/main
2026-09-18T09:50:00.4311125Z   origin/main
2026-09-18T09:50:00.4323553Z [command]/usr/bin/git rev-parse refs/remotes/origin/main
2026-09-18T09:50:00.4338572Z cfdb7c48c4b8434f77389d377d9c85b62329d097
2026-09-18T09:50:00.4341072Z ##[endgroup]
2026-09-18T09:50:00.4341948Z ##[group]Determining the checkout info
2026-09-18T09:50:00.4342739Z ##[endgroup]
2026-09-18T09:50:00.4346309Z [command]/usr/bin/git sparse-checkout disable
2026-09-18T09:50:00.4392016Z [command]/usr/bin/git config --local --unset-all extensions.worktreeConfig
2026-09-18T09:50:00.4414386Z ##[group]Checking out the ref
2026-09-18T09:50:00.4418349Z [command]/usr/bin/git checkout --progress --force -B main refs/remotes/origin/main
2026-09-18T09:50:00.5213185Z Switched to a new branch 'main'
2026-09-18T09:50:00.5221600Z branch 'main' set up to track 'origin/main'.
2026-09-18T09:50:00.5226948Z ##[endgroup]
2026-09-18T09:50:00.5294830Z [command]/usr/bin/git log -1 --format=%H
2026-09-18T09:50:00.5317626Z cfdb7c48c4b8434f77389d377d9c85b62329d097
2026-09-18T09:50:00.5329005Z ##[group]Removing auth
2026-09-18T09:50:00.5329413Z Removing SSH command configuration
2026-09-18T09:50:00.5331053Z [command]/usr/bin/git config --local --name-only --get-regexp core\.sshCommand
2026-09-18T09:50:00.5358664Z [command]/usr/bin/git submodule foreach --recursive sh -c "git config --local --name-only --get-regexp 'core\.sshCommand' && git config --local --unset-all 'core.sshCommand' || :"
2026-09-18T09:50:00.5524748Z Removing HTTP extra header
2026-09-18T09:50:00.5528114Z [command]/usr/bin/git config --local --name-only --get-regexp http\.https\:\/\/github\.com\/\.extraheader
2026-09-18T09:50:00.5552662Z [command]/usr/bin/git submodule foreach --recursive sh -c "git config --local --name-only --get-regexp 'http\.https\:\/\/github\.com\/\.extraheader' && git config --local --unset-all 'http.https://github.com/.extraheader' || :"
2026-09-18T09:50:00.5720341Z Removing includeIf entries pointing to credentials config files
2026-09-18T09:50:00.5722670Z [command]/usr/bin/git config --local --name-only --get-regexp ^includeIf\.gitdir:
2026-09-18T09:50:00.5743343Z includeif.gitdir:/home/runner/work/aether-vpn-engine/aether-vpn-engine/.git.path
2026-09-18T09:50:00.5744214Z includeif.gitdir:/home/runner/work/aether-vpn-engine/aether-vpn-engine/.git/worktrees/*.path
2026-09-18T09:50:00.5744866Z includeif.gitdir:/github/workspace/.git.path
2026-09-18T09:50:00.5745376Z includeif.gitdir:/github/workspace/.git/worktrees/*.path
2026-09-18T09:50:00.5750175Z [command]/usr/bin/git config --local --get-all includeif.gitdir:/home/runner/work/aether-vpn-engine/aether-vpn-engine/.git.path
2026-09-18T09:50:00.5768390Z /home/runner/work/_temp/git-credentials-66520b24-d613-4e60-a40e-4fad1b744374.config
2026-09-18T09:50:00.5775715Z [command]/usr/bin/git config --local --unset includeif.gitdir:/home/runner/work/aether-vpn-engine/aether-vpn-engine/.git.path \/home\/runner\/work\/_temp\/git\-credentials\-66520b24\-d613\-4e60\-a40e\-4fad1b744374\.config
2026-09-18T09:50:00.5826835Z [command]/usr/bin/git config --local --get-all includeif.gitdir:/home/runner/work/aether-vpn-engine/aether-vpn-engine/.git/worktrees/*.path
2026-09-18T09:50:00.5849050Z /home/runner/work/_temp/git-credentials-66520b24-d613-4e60-a40e-4fad1b744374.config
2026-09-18T09:50:00.5850987Z [command]/usr/bin/git config --local --unset includeif.gitdir:/home/runner/work/aether-vpn-engine/aether-vpn-engine/.git/worktrees/*.path \/home\/runner\/work\/_temp\/git\-credentials\-66520b24\-d613\-4e60\-a40e\-4fad1b744374\.config
2026-09-18T09:50:00.5875317Z [command]/usr/bin/git config --local --get-all includeif.gitdir:/github/workspace/.git.path
2026-09-18T09:50:00.5896050Z /github/runner_temp/git-credentials-66520b24-d613-4e60-a40e-4fad1b744374.config
2026-09-18T09:50:00.5906624Z [command]/usr/bin/git config --local --unset includeif.gitdir:/github/workspace/.git.path \/github\/runner_temp\/git\-credentials\-66520b24\-d613\-4e60\-a40e\-4fad1b744374\.config
2026-09-18T09:50:00.5958291Z [command]/usr/bin/git config --local --get-all includeif.gitdir:/github/workspace/.git/worktrees/*.path
2026-09-18T09:50:00.5992597Z /github/runner_temp/git-credentials-66520b24-d613-4e60-a40e-4fad1b744374.config
2026-09-18T09:50:00.5994770Z [command]/usr/bin/git config --local --unset includeif.gitdir:/github/workspace/.git/worktrees/*.path \/github\/runner_temp\/git\-credentials\-66520b24\-d613\-4e60\-a40e\-4fad1b744374\.config
2026-09-18T09:50:00.6019785Z [command]/usr/bin/git submodule foreach --recursive git config --local --show-origin --name-only --get-regexp remote.origin.url
2026-09-18T09:50:00.6184020Z Removing credentials config '/home/runner/work/_temp/git-credentials-66520b24-d613-4e60-a40e-4fad1b744374.config'
2026-09-18T09:50:00.6190351Z ##[endgroup]
2026-09-18T09:50:00.6345809Z ##[group]Run python3 -m venv "$RUNNER_TEMP/skill-venv"
2026-09-18T09:50:00.6346330Z [36;1mpython3 -m venv "$RUNNER_TEMP/skill-venv"[0m
2026-09-18T09:50:00.6346848Z [36;1m"$RUNNER_TEMP/skill-venv/bin/pip" install --quiet pyyaml==6.0.3[0m
2026-09-18T09:50:00.6372601Z shell: /usr/bin/bash -e {0}
2026-09-18T09:50:00.6372958Z ##[endgroup]
2026-09-18T09:50:05.3661376Z ##[group]Run "$RUNNER_TEMP/skill-venv/bin/python" scripts/validate_skills.py
2026-09-18T09:50:05.3662070Z [36;1m"$RUNNER_TEMP/skill-venv/bin/python" scripts/validate_skills.py[0m
2026-09-18T09:50:05.3686258Z shell: /usr/bin/bash -e {0}
2026-09-18T09:50:05.3686603Z ##[endgroup]
2026-09-18T09:50:05.4047136Z path                                              name                    name valid  status
2026-09-18T09:50:05.4048069Z ------------------------------------------------------------------------------------------------
2026-09-18T09:50:05.4049016Z .agents/skills/anti-air-audit                     anti-air-audit          True        OK
2026-09-18T09:50:05.4049582Z .agents/skills/claim-traceability                 claim-traceability      True        OK
2026-09-18T09:50:05.4050261Z .agents/skills/crate-feasibility                  crate-feasibility       True        OK
2026-09-18T09:50:05.4050936Z .agents/skills/impl-phase-driver                  impl-phase-driver       True        OK
2026-09-18T09:50:05.4051631Z .agents/skills/mechanism-drilldown                mechanism-drilldown     True        OK
2026-09-18T09:50:05.4052181Z .agents/skills/phase0-scaffold                    phase0-scaffold         True        OK
2026-09-18T09:50:05.4052741Z .agents/skills/rotation-test-writer               rotation-test-writer    True        OK
2026-09-18T09:50:05.4053117Z 
2026-09-18T09:50:05.4053241Z 7 skill(s), 0 error(s), 0 warning(s)
2026-09-18T09:50:05.4206972Z Post job cleanup.
2026-09-18T09:50:05.4930438Z [command]/usr/bin/git version
2026-09-18T09:50:05.4975643Z git version 2.55.0
2026-09-18T09:50:05.5004172Z Temporarily overriding HOME='/home/runner/work/_temp/42723e1c-26d2-446d-b0eb-330901d50bc3' before making global git config changes
2026-09-18T09:50:05.5005392Z Adding repository directory to the temporary git global config as a safe directory
2026-09-18T09:50:05.5009294Z [command]/usr/bin/git config --global --add safe.directory /home/runner/work/aether-vpn-engine/aether-vpn-engine
2026-09-18T09:50:05.5034111Z Removing SSH command configuration
2026-09-18T09:50:05.5040284Z [command]/usr/bin/git config --local --name-only --get-regexp core\.sshCommand
2026-09-18T09:50:05.5073591Z [command]/usr/bin/git submodule foreach --recursive sh -c "git config --local --name-only --get-regexp 'core\.sshCommand' && git config --local --unset-all 'core.sshCommand' || :"
2026-09-18T09:50:05.5258195Z Removing HTTP extra header
2026-09-18T09:50:05.5264386Z [command]/usr/bin/git config --local --name-only --get-regexp http\.https\:\/\/github\.com\/\.extraheader
2026-09-18T09:50:05.5290868Z [command]/usr/bin/git submodule foreach --recursive sh -c "git config --local --name-only --get-regexp 'http\.https\:\/\/github\.com\/\.extraheader' && git config --local --unset-all 'http.https://github.com/.extraheader' || :"
2026-09-18T09:50:05.5462615Z Removing includeIf entries pointing to credentials config files
2026-09-18T09:50:05.5468198Z [command]/usr/bin/git config --local --name-only --get-regexp ^includeIf\.gitdir:
2026-09-18T09:50:05.5491983Z [command]/usr/bin/git submodule foreach --recursive git config --local --show-origin --name-only --get-regexp remote.origin.url
2026-09-18T09:50:05.5826072Z Cleaning up orphan processes
