2026-09-18T05:27:06.2186647Z Current runner version: '2.337.0'
2026-09-18T05:27:06.2205460Z ##[group]Runner Image Provisioner
2026-09-18T05:27:06.2206117Z Hosted Compute Agent
2026-09-18T05:27:06.2206542Z Version: 20260828.587
2026-09-18T05:27:06.2207003Z Commit: abac92662cab4cc7352de4f9f9d2e2419aad9c29
2026-09-18T05:27:06.2207512Z Build Date: 2026-08-28T16:44:25Z
2026-09-18T05:27:06.2208047Z Worker ID: {732b6971-5cc3-4f3f-be2c-f783ccca4c07}
2026-09-18T05:27:06.2208545Z Azure Region: centralus
2026-09-18T05:27:06.2208951Z ##[endgroup]
2026-09-18T05:27:06.2209890Z ##[group]Operating System
2026-09-18T05:27:06.2210336Z Ubuntu
2026-09-18T05:27:06.2210895Z 24.04.5
2026-09-18T05:27:06.2211274Z LTS
2026-09-18T05:27:06.2211627Z ##[endgroup]
2026-09-18T05:27:06.2212037Z ##[group]Runner Image
2026-09-18T05:27:06.2212464Z Image: ubuntu-24.04
2026-09-18T05:27:06.2212916Z Version: 20260907.300.1
2026-09-18T05:27:06.2213827Z Included Software: https://github.com/actions/runner-images/blob/ubuntu24/20260907.300/images/ubuntu/Ubuntu2404-Readme.md
2026-09-18T05:27:06.2214904Z Image Release: https://github.com/actions/runner-images/releases/tag/ubuntu24%2F20260907.300
2026-09-18T05:27:06.2215639Z ##[endgroup]
2026-09-18T05:27:06.2216795Z ##[group]GITHUB_TOKEN Permissions
2026-09-18T05:27:06.2218541Z Actions: read
2026-09-18T05:27:06.2218962Z Contents: write
2026-09-18T05:27:06.2219354Z Metadata: read
2026-09-18T05:27:06.2219723Z ##[endgroup]
2026-09-18T05:27:06.2221562Z Secret source: Actions
2026-09-18T05:27:06.2222217Z Cache mode: write
2026-09-18T05:27:06.2222728Z Prepare workflow directory
2026-09-18T05:27:06.2497870Z Prepare all required actions
2026-09-18T05:27:06.2532901Z Getting action download info
2026-09-18T05:27:06.4656043Z Download action repository 'actions/checkout@11d5960a326750d5838078e36cf38b85af677262' (SHA:11d5960a326750d5838078e36cf38b85af677262)
2026-09-18T05:27:06.9861727Z Complete job name: Report real run (temporary)
2026-09-18T05:27:07.0397681Z Node 20 is being deprecated. This workflow is running with Node 24 by default. If you need to temporarily use Node 20, you can set the ACTIONS_ALLOW_USE_UNSECURE_NODE_VERSION=true environment variable. For more information see: https://github.blog/changelog/2025-09-19-deprecation-of-node-20-on-github-actions-runners/
2026-09-18T05:27:07.0404635Z ##[group]Run actions/checkout@11d5960a326750d5838078e36cf38b85af677262
2026-09-18T05:27:07.0405388Z with:
2026-09-18T05:27:07.0405883Z   persist-credentials: true
2026-09-18T05:27:07.0406428Z   repository: ThunderIsMad/aether-vpn-engine
2026-09-18T05:27:07.0409925Z   token: ***
2026-09-18T05:27:07.0410355Z   ssh-strict: true
2026-09-18T05:27:07.0410953Z   ssh-user: git
2026-09-18T05:27:07.0411432Z   clean: true
2026-09-18T05:27:07.0411865Z   sparse-checkout-cone-mode: true
2026-09-18T05:27:07.0412349Z   fetch-depth: 1
2026-09-18T05:27:07.0412777Z   fetch-tags: false
2026-09-18T05:27:07.0413206Z   show-progress: true
2026-09-18T05:27:07.0413776Z   lfs: false
2026-09-18T05:27:07.0414196Z   submodules: false
2026-09-18T05:27:07.0414670Z   set-safe-directory: true
2026-09-18T05:27:07.0415159Z   allow-unsafe-pr-checkout: false
2026-09-18T05:27:07.0415794Z env:
2026-09-18T05:27:07.0416238Z   EVIDENCE_BRANCH: ci-probe-results
2026-09-18T05:27:07.0416756Z   OUT: ci-probe/main-run-report.txt
2026-09-18T05:27:07.0417253Z ##[endgroup]
2026-09-18T05:27:07.1204395Z Syncing repository: ThunderIsMad/aether-vpn-engine
2026-09-18T05:27:07.1206642Z ##[group]Getting Git version info
2026-09-18T05:27:07.1207522Z Working directory is '/home/runner/work/aether-vpn-engine/aether-vpn-engine'
2026-09-18T05:27:07.1208957Z [command]/usr/bin/git version
2026-09-18T05:27:07.1687016Z git version 2.55.0
2026-09-18T05:27:07.1702547Z ##[endgroup]
2026-09-18T05:27:07.1715682Z Temporarily overriding HOME='/home/runner/work/_temp/f0e1fe2c-1d4b-4a4e-92b6-0ba2ac1cc615' before making global git config changes
2026-09-18T05:27:07.1717470Z Adding repository directory to the temporary git global config as a safe directory
2026-09-18T05:27:07.1719694Z [command]/usr/bin/git config --global --add safe.directory /home/runner/work/aether-vpn-engine/aether-vpn-engine
2026-09-18T05:27:07.1766661Z Deleting the contents of '/home/runner/work/aether-vpn-engine/aether-vpn-engine'
2026-09-18T05:27:07.1771561Z ##[group]Initializing the repository
2026-09-18T05:27:07.1774899Z [command]/usr/bin/git init /home/runner/work/aether-vpn-engine/aether-vpn-engine
2026-09-18T05:27:07.1868878Z hint: Using 'master' as the name for the initial branch. This default branch name
2026-09-18T05:27:07.1870134Z hint: will change to "main" in Git 3.0. To configure the initial branch name
2026-09-18T05:27:07.1871694Z hint: to use in all of your new repositories, which will suppress this warning,
2026-09-18T05:27:07.1872416Z hint: call:
2026-09-18T05:27:07.1872812Z hint:
2026-09-18T05:27:07.1873344Z hint: 	git config --global init.defaultBranch <name>
2026-09-18T05:27:07.1874118Z hint:
2026-09-18T05:27:07.1874878Z hint: Names commonly chosen instead of 'master' are 'main', 'trunk' and
2026-09-18T05:27:07.1875849Z hint: 'development'. The just-created branch can be renamed via this command:
2026-09-18T05:27:07.1876670Z hint:
2026-09-18T05:27:07.1877204Z hint: 	git branch -m <name>
2026-09-18T05:27:07.1878009Z hint:
2026-09-18T05:27:07.1878899Z hint: Disable this message with "git config set advice.defaultBranchName false"
2026-09-18T05:27:07.1880507Z Initialized empty Git repository in /home/runner/work/aether-vpn-engine/aether-vpn-engine/.git/
2026-09-18T05:27:07.1882575Z [command]/usr/bin/git remote add origin https://github.com/ThunderIsMad/aether-vpn-engine
2026-09-18T05:27:07.1917330Z ##[endgroup]
2026-09-18T05:27:07.1918112Z ##[group]Disabling automatic garbage collection
2026-09-18T05:27:07.1919775Z [command]/usr/bin/git config --local gc.auto 0
2026-09-18T05:27:07.1943644Z ##[endgroup]
2026-09-18T05:27:07.1944886Z ##[group]Setting up auth
2026-09-18T05:27:07.1949614Z [command]/usr/bin/git config --local --name-only --get-regexp core\.sshCommand
2026-09-18T05:27:07.1972519Z [command]/usr/bin/git submodule foreach --recursive sh -c "git config --local --name-only --get-regexp 'core\.sshCommand' && git config --local --unset-all 'core.sshCommand' || :"
2026-09-18T05:27:07.2721951Z [command]/usr/bin/git config --local --name-only --get-regexp http\.https\:\/\/github\.com\/\.extraheader
2026-09-18T05:27:07.2750480Z [command]/usr/bin/git submodule foreach --recursive sh -c "git config --local --name-only --get-regexp 'http\.https\:\/\/github\.com\/\.extraheader' && git config --local --unset-all 'http.https://github.com/.extraheader' || :"
2026-09-18T05:27:07.2906120Z [command]/usr/bin/git config --local --name-only --get-regexp ^includeIf\.gitdir:
2026-09-18T05:27:07.2929168Z [command]/usr/bin/git submodule foreach --recursive git config --local --show-origin --name-only --get-regexp remote.origin.url
2026-09-18T05:27:07.3075024Z [command]/usr/bin/git config --local http.https://github.com/.extraheader AUTHORIZATION: basic ***
2026-09-18T05:27:07.3097997Z ##[endgroup]
2026-09-18T05:27:07.3099127Z ##[group]Fetching the repository
2026-09-18T05:27:07.3105775Z [command]/usr/bin/git -c protocol.version=2 fetch --no-tags --prune --no-recurse-submodules --depth=1 origin +246fa660b419251d433d0d0d7659f6b2c996112a:refs/remotes/origin/main
2026-09-18T05:27:07.8103665Z From https://github.com/ThunderIsMad/aether-vpn-engine
2026-09-18T05:27:07.8105254Z  * [new ref]         246fa660b419251d433d0d0d7659f6b2c996112a -> origin/main
2026-09-18T05:27:07.8109158Z ##[endgroup]
2026-09-18T05:27:07.8110871Z ##[group]Determining the checkout info
2026-09-18T05:27:07.8112486Z ##[endgroup]
2026-09-18T05:27:07.8113833Z [command]/usr/bin/git sparse-checkout disable
2026-09-18T05:27:07.8177451Z [command]/usr/bin/git config --local --unset-all extensions.worktreeConfig
2026-09-18T05:27:07.8201054Z ##[group]Checking out the ref
2026-09-18T05:27:07.8203443Z [command]/usr/bin/git checkout --progress --force -B main refs/remotes/origin/main
2026-09-18T05:27:07.8304994Z Switched to a new branch 'main'
2026-09-18T05:27:07.8388319Z branch 'main' set up to track 'origin/main'.
2026-09-18T05:27:07.8391882Z ##[endgroup]
2026-09-18T05:27:07.8419638Z [command]/usr/bin/git log -1 --format=%H
2026-09-18T05:27:07.8436384Z 246fa660b419251d433d0d0d7659f6b2c996112a
2026-09-18T05:27:07.8642026Z ##[group]Run # Actions запускает run-блоки как `bash -e`: свои падения собираем сами
2026-09-18T05:27:07.8644012Z [36;1m# Actions запускает run-блоки как `bash -e`: свои падения собираем сами[0m
2026-09-18T05:27:07.8645420Z [36;1mset +e[0m
2026-09-18T05:27:07.8646378Z [36;1mset -uo pipefail[0m
2026-09-18T05:27:07.8655522Z [36;1mGH_TOKEN="***"[0m
2026-09-18T05:27:07.8656740Z [36;1mAPI="$GITHUB_API_URL/repos/$GITHUB_REPOSITORY"[0m
2026-09-18T05:27:07.8658031Z [36;1mmkdir -p ci-probe[0m
2026-09-18T05:27:07.8659448Z [36;1mcommand -v jq >/dev/null || sudo apt-get install -y --no-install-recommends jq[0m
2026-09-18T05:27:07.8661809Z [36;1mcommand -v unzip >/dev/null || sudo apt-get install -y --no-install-recommends unzip[0m
2026-09-18T05:27:07.8663484Z [36;1m{[0m
2026-09-18T05:27:07.8664503Z [36;1m  echo "================ РЕАЛЬНЫЙ ПРОГОН ci.yml НА MAIN ================"[0m
2026-09-18T05:27:07.8665860Z [36;1m  echo "sha:     $GITHUB_SHA"[0m
2026-09-18T05:27:07.8667067Z [36;1m  echo "ref:     $GITHUB_REF"[0m
2026-09-18T05:27:07.8668237Z [36;1m  echo "event:   $GITHUB_EVENT_NAME"[0m
2026-09-18T05:27:07.8669591Z [36;1m  echo "run:     $GITHUB_RUN_ID attempt $GITHUB_RUN_ATTEMPT"[0m
2026-09-18T05:27:07.8671421Z [36;1m  echo "run url: $GITHUB_SERVER_URL/$GITHUB_REPOSITORY/actions/runs/$GITHUB_RUN_ID"[0m
2026-09-18T05:27:07.8672967Z [36;1m  echo[0m
2026-09-18T05:27:07.8673963Z [36;1m  echo "---- итог job'ов (needs, виден и без API) ----"[0m
2026-09-18T05:27:07.8675203Z [36;1m  echo "skills: success"[0m
2026-09-18T05:27:07.8676285Z [36;1m  echo "rust:   success"[0m
2026-09-18T05:27:07.8677287Z [36;1m} > "$OUT" 2>&1[0m
2026-09-18T05:27:07.8678195Z [36;1m[0m
2026-09-18T05:27:07.8679036Z [36;1m# --- job'ы и шаги этого прогона ---[0m
2026-09-18T05:27:07.8681065Z [36;1mcurl -sS -H "Authorization: ***" -H "Accept: application/vnd.github+json" \[0m
2026-09-18T05:27:07.8682918Z [36;1m  "$API/actions/runs/$GITHUB_RUN_ID/jobs?per_page=100" -o jobs.json[0m
2026-09-18T05:27:07.8684357Z [36;1mecho "curl jobs exit=$?" >> "$OUT"[0m
2026-09-18T05:27:07.8685419Z [36;1m{[0m
2026-09-18T05:27:07.8686212Z [36;1m  echo[0m
2026-09-18T05:27:07.8687221Z [36;1m  echo "---- job'ы и шаги (Actions API, имя/статус/итог) ----"[0m
2026-09-18T05:27:07.8689258Z [36;1m  jq -r '.jobs[] | "[\(.name)] \(.status)/\(.conclusion) id=\(.id)", (.steps[]? | "    - \(.number). \(.name): \(.status)/\(.conclusion)")' jobs.json[0m
2026-09-18T05:27:07.8691092Z [36;1m} >> "$OUT" 2>&1[0m
2026-09-18T05:27:07.8691951Z [36;1m[0m
2026-09-18T05:27:07.8692870Z [36;1m# --- логи обязательных job'ов: точные числа тестов и строка резолва пина ---[0m
2026-09-18T05:27:07.8694731Z [36;1mjq -r '.jobs[] | select((.name == "Validate skills") or (.name | startswith("Rust"))) | .id' jobs.json > jobids.txt[0m
2026-09-18T05:27:07.8696533Z [36;1mcat jobids.txt >> "$OUT"[0m
2026-09-18T05:27:07.8697498Z [36;1mwhile read -r jid; do[0m
2026-09-18T05:27:07.8698436Z [36;1m  [ -n "$jid" ] || continue[0m
2026-09-18T05:27:07.8700105Z [36;1m  curl -sSL -H "Authorization: ***" "$API/actions/jobs/$jid/logs" -o "log-$jid.zip"[0m
2026-09-18T05:27:07.8701772Z [36;1m  echo "curl log $jid exit=$?" >> "$OUT"[0m
2026-09-18T05:27:07.8702968Z [36;1m  rm -rf "log-$jid"[0m
2026-09-18T05:27:07.8704146Z [36;1m  unzip -o -q "log-$jid.zip" -d "log-$jid" 2>>"$OUT" && \[0m
2026-09-18T05:27:07.8705662Z [36;1m    cat "log-$jid"/* > "raw-$jid.log" 2>/dev/null && \[0m
2026-09-18T05:27:07.8707017Z [36;1m    sed -E 's/^[0-9]{4}-[0-9]{2}-[0-9]{2}T[0-9:.]+Z //' "raw-$jid.log" \[0m
2026-09-18T05:27:07.8708391Z [36;1m      | sed -E 's/\x1b\[[0-9;]*m//g' > "clean-$jid.log"[0m
2026-09-18T05:27:07.8709545Z [36;1mdone < jobids.txt[0m
2026-09-18T05:27:07.8710403Z [36;1m[0m
2026-09-18T05:27:07.8711244Z [36;1m{[0m
2026-09-18T05:27:07.8711979Z [36;1m  echo[0m
2026-09-18T05:27:07.8713203Z [36;1m  echo "---- числа тестов ПО ШАГАМ (из групп логов; сравнить с 107/0/2 и 16/0) ----"[0m
2026-09-18T05:27:07.8714439Z [36;1m  awk '[0m
2026-09-18T05:27:07.8715556Z [36;1m    /^##\[group\]Run / { cur=$0; sub(/^##\[group\]Run /, "", cur) }[0m
2026-09-18T05:27:07.8717065Z [36;1m    /^test result:/   { p[cur]+=$4; f[cur]+=$6; i[cur]+=$8 }[0m
2026-09-18T05:27:07.8718765Z [36;1m    END { for (c in p) printf "%-72s passed=%d failed=%d ignored=%d\n", c, p[c], f[c], i[c] }[0m
2026-09-18T05:27:07.8720357Z [36;1m  ' clean-*.log 2>/dev/null | sort[0m
2026-09-18T05:27:07.8721466Z [36;1m  echo[0m
2026-09-18T05:27:07.8722389Z [36;1m  echo "---- пин toolchain в реальном прогоне ----"[0m
2026-09-18T05:27:07.8724288Z [36;1m  grep -hE "^(resolved toolchain|name:|active because:|release:|host:)" clean-*.log 2>/dev/null | head -12[0m
2026-09-18T05:27:07.8726108Z [36;1m  echo[0m
2026-09-18T05:27:07.8727068Z [36;1m  echo "---- признаки отказа в логах (пусто = нет) ----"[0m
2026-09-18T05:27:07.8728645Z [36;1m  grep -hE "^error|^error\[|^::error::|^panicked" clean-*.log 2>/dev/null | head -30[0m
2026-09-18T05:27:07.8730089Z [36;1m} >> "$OUT" 2>&1[0m
2026-09-18T05:27:07.8731110Z [36;1mecho "collect finished" >> "$OUT"[0m
2026-09-18T05:27:07.8758296Z shell: /usr/bin/bash -e {0}
2026-09-18T05:27:07.8759257Z env:
2026-09-18T05:27:07.8760046Z   EVIDENCE_BRANCH: ci-probe-results
2026-09-18T05:27:07.8761247Z   OUT: ci-probe/main-run-report.txt
2026-09-18T05:27:07.8762224Z ##[endgroup]
2026-09-18T05:27:09.0993489Z ##[group]Run set -euxo pipefail
2026-09-18T05:27:09.0993907Z [36;1mset -euxo pipefail[0m
2026-09-18T05:27:09.0994219Z [36;1mgit config user.name "github-actions[bot]"[0m
2026-09-18T05:27:09.0994639Z [36;1mgit config user.email "41898282+github-actions[bot]@users.noreply.github.com"[0m
2026-09-18T05:27:09.0995077Z [36;1mgit checkout -B "$EVIDENCE_BRANCH"[0m
2026-09-18T05:27:09.0995419Z [36;1mcp "$OUT" ci-probe/ 2>/dev/null || true[0m
2026-09-18T05:27:09.0995834Z [36;1mcp clean-*.log raw-*.log jobs.json log-*.zip ci-probe/ 2>/dev/null || true[0m
2026-09-18T05:27:09.0996242Z [36;1mgit add -A ci-probe[0m
2026-09-18T05:27:09.0996633Z [36;1mgit commit -m "report: real ci.yml run on main ($GITHUB_SHA, run $GITHUB_RUN_ID)"[0m
2026-09-18T05:27:09.0997106Z [36;1mgit push --force origin "HEAD:refs/heads/$EVIDENCE_BRANCH"[0m
2026-09-18T05:27:09.1016786Z shell: /usr/bin/bash -e {0}
2026-09-18T05:27:09.1017139Z env:
2026-09-18T05:27:09.1017520Z   EVIDENCE_BRANCH: ci-probe-results
2026-09-18T05:27:09.1017869Z   OUT: ci-probe/main-run-report.txt
2026-09-18T05:27:09.1018171Z ##[endgroup]
2026-09-18T05:27:09.1053052Z + git config user.name 'github-actions[bot]'
2026-09-18T05:27:09.1064374Z + git config user.email '41898282+github-actions[bot]@users.noreply.github.com'
2026-09-18T05:27:09.1074306Z + git checkout -B ci-probe-results
2026-09-18T05:27:09.1116293Z Switched to a new branch 'ci-probe-results'
2026-09-18T05:27:09.1118881Z + cp ci-probe/main-run-report.txt ci-probe/
2026-09-18T05:27:09.1127808Z + true
2026-09-18T05:27:09.1128592Z + cp 'clean-*.log' 'raw-*.log' jobs.json log-105491971463.zip log-105491971581.zip ci-probe/
2026-09-18T05:27:09.1137777Z + true
2026-09-18T05:27:09.1138287Z + git add -A ci-probe
2026-09-18T05:27:09.1211801Z + git commit -m 'report: real ci.yml run on main (246fa660b419251d433d0d0d7659f6b2c996112a, run 35310705441)'
2026-09-18T05:27:09.1238186Z [ci-probe-results 3a182be] report: real ci.yml run on main (246fa660b419251d433d0d0d7659f6b2c996112a, run 35310705441)
2026-09-18T05:27:09.1238964Z  4 files changed, 1665 insertions(+)
2026-09-18T05:27:09.1239384Z  create mode 100644 ci-probe/jobs.json
2026-09-18T05:27:09.1239823Z  create mode 100644 ci-probe/log-105491971463.zip
2026-09-18T05:27:09.1240254Z  create mode 100644 ci-probe/log-105491971581.zip
2026-09-18T05:27:09.1240614Z  create mode 100644 ci-probe/main-run-report.txt
2026-09-18T05:27:09.1241181Z + git push --force origin HEAD:refs/heads/ci-probe-results
2026-09-18T05:27:10.4729854Z To https://github.com/ThunderIsMad/aether-vpn-engine
2026-09-18T05:27:10.4731054Z  + 2a4a179...3a182be HEAD -> ci-probe-results (forced update)
2026-09-18T05:27:10.4861130Z Node 20 is being deprecated. This workflow is running with Node 24 by default. If you need to temporarily use Node 20, you can set the ACTIONS_ALLOW_USE_UNSECURE_NODE_VERSION=true environment variable. For more information see: https://github.blog/changelog/2025-09-19-deprecation-of-node-20-on-github-actions-runners/
2026-09-18T05:27:10.4862658Z Post job cleanup.
2026-09-18T05:27:10.5522629Z [command]/usr/bin/git version
2026-09-18T05:27:10.5551787Z git version 2.55.0
2026-09-18T05:27:10.5576557Z Temporarily overriding HOME='/home/runner/work/_temp/458ae795-9c18-4340-bbf8-37bdec71f7f9' before making global git config changes
2026-09-18T05:27:10.5577566Z Adding repository directory to the temporary git global config as a safe directory
2026-09-18T05:27:10.5581276Z [command]/usr/bin/git config --global --add safe.directory /home/runner/work/aether-vpn-engine/aether-vpn-engine
2026-09-18T05:27:10.5609282Z [command]/usr/bin/git config --local --name-only --get-regexp core\.sshCommand
2026-09-18T05:27:10.5633539Z [command]/usr/bin/git submodule foreach --recursive sh -c "git config --local --name-only --get-regexp 'core\.sshCommand' && git config --local --unset-all 'core.sshCommand' || :"
2026-09-18T05:27:10.5801088Z [command]/usr/bin/git config --local --name-only --get-regexp http\.https\:\/\/github\.com\/\.extraheader
2026-09-18T05:27:10.5814490Z http.https://github.com/.extraheader
2026-09-18T05:27:10.5824186Z [command]/usr/bin/git config --local --unset-all http.https://github.com/.extraheader
2026-09-18T05:27:10.5848269Z [command]/usr/bin/git submodule foreach --recursive sh -c "git config --local --name-only --get-regexp 'http\.https\:\/\/github\.com\/\.extraheader' && git config --local --unset-all 'http.https://github.com/.extraheader' || :"
2026-09-18T05:27:10.6008045Z [command]/usr/bin/git config --local --name-only --get-regexp ^includeIf\.gitdir:
2026-09-18T05:27:10.6038700Z [command]/usr/bin/git submodule foreach --recursive git config --local --show-origin --name-only --get-regexp remote.origin.url
2026-09-18T05:27:10.6301382Z Cleaning up orphan processes
2026-09-18T05:27:10.6482155Z ##[warning]Node.js 20 is deprecated. The following actions target Node.js 20 but are being forced to run on Node.js 24: actions/checkout@11d5960a326750d5838078e36cf38b85af677262. For more information see: https://github.blog/changelog/2025-09-19-deprecation-of-node-20-on-github-actions-runners/
