2026-09-18T05:16:13.3072873Z Current runner version: '2.337.0'
2026-09-18T05:16:13.3111204Z ##[group]Runner Image Provisioner
2026-09-18T05:16:13.3112695Z Hosted Compute Agent
2026-09-18T05:16:13.3113722Z Version: 20260828.587
2026-09-18T05:16:13.3114630Z Commit: abac92662cab4cc7352de4f9f9d2e2419aad9c29
2026-09-18T05:16:13.3115712Z Build Date: 2026-08-28T16:44:25Z
2026-09-18T05:16:13.3116758Z Worker ID: {9f8e1a98-ec64-4b16-9d2d-befc05fda0d4}
2026-09-18T05:16:13.3117853Z Azure Region: westcentralus
2026-09-18T05:16:13.3118827Z ##[endgroup]
2026-09-18T05:16:13.3120917Z ##[group]Operating System
2026-09-18T05:16:13.3121875Z Ubuntu
2026-09-18T05:16:13.3122853Z 24.04.5
2026-09-18T05:16:13.3123571Z LTS
2026-09-18T05:16:13.3124381Z ##[endgroup]
2026-09-18T05:16:13.3125151Z ##[group]Runner Image
2026-09-18T05:16:13.3126018Z Image: ubuntu-24.04
2026-09-18T05:16:13.3126905Z Version: 20260907.300.1
2026-09-18T05:16:13.3128632Z Included Software: https://github.com/actions/runner-images/blob/ubuntu24/20260907.300/images/ubuntu/Ubuntu2404-Readme.md
2026-09-18T05:16:13.3130886Z Image Release: https://github.com/actions/runner-images/releases/tag/ubuntu24%2F20260907.300
2026-09-18T05:16:13.3132563Z ##[endgroup]
2026-09-18T05:16:13.3134188Z ##[group]GITHUB_TOKEN Permissions
2026-09-18T05:16:13.3137220Z Contents: read
2026-09-18T05:16:13.3138054Z Metadata: read
2026-09-18T05:16:13.3138832Z ##[endgroup]
2026-09-18T05:16:13.3141682Z Secret source: Actions
2026-09-18T05:16:13.3143386Z Cache mode: write
2026-09-18T05:16:13.3144488Z Prepare workflow directory
2026-09-18T05:16:13.3657020Z Prepare all required actions
2026-09-18T05:16:13.3705040Z Getting action download info
2026-09-18T05:16:13.6564737Z Download action repository 'actions/checkout@11d5960a326750d5838078e36cf38b85af677262' (SHA:11d5960a326750d5838078e36cf38b85af677262)
2026-09-18T05:16:13.8713424Z Complete job name: Validate skills
2026-09-18T05:16:13.9412470Z Node 20 is being deprecated. This workflow is running with Node 24 by default. If you need to temporarily use Node 20, you can set the ACTIONS_ALLOW_USE_UNSECURE_NODE_VERSION=true environment variable. For more information see: https://github.blog/changelog/2025-09-19-deprecation-of-node-20-on-github-actions-runners/
2026-09-18T05:16:13.9421208Z ##[group]Run actions/checkout@11d5960a326750d5838078e36cf38b85af677262
2026-09-18T05:16:13.9422384Z with:
2026-09-18T05:16:13.9422967Z   persist-credentials: false
2026-09-18T05:16:13.9423619Z   repository: ThunderIsMad/aether-vpn-engine
2026-09-18T05:16:13.9427655Z   token: ***
2026-09-18T05:16:13.9428172Z   ssh-strict: true
2026-09-18T05:16:13.9428745Z   ssh-user: git
2026-09-18T05:16:13.9429272Z   clean: true
2026-09-18T05:16:13.9429814Z   sparse-checkout-cone-mode: true
2026-09-18T05:16:13.9430460Z   fetch-depth: 1
2026-09-18T05:16:13.9430968Z   fetch-tags: false
2026-09-18T05:16:13.9431510Z   show-progress: true
2026-09-18T05:16:13.9432314Z   lfs: false
2026-09-18T05:16:13.9432854Z   submodules: false
2026-09-18T05:16:13.9433430Z   set-safe-directory: true
2026-09-18T05:16:13.9434027Z   allow-unsafe-pr-checkout: false
2026-09-18T05:16:13.9434886Z ##[endgroup]
2026-09-18T05:16:14.0534144Z Syncing repository: ThunderIsMad/aether-vpn-engine
2026-09-18T05:16:14.0537701Z ##[group]Getting Git version info
2026-09-18T05:16:14.0541103Z Working directory is '/home/runner/work/aether-vpn-engine/aether-vpn-engine'
2026-09-18T05:16:14.0543427Z [command]/usr/bin/git version
2026-09-18T05:16:14.0883404Z git version 2.55.0
2026-09-18T05:16:14.0945931Z ##[endgroup]
2026-09-18T05:16:14.0956522Z Temporarily overriding HOME='/home/runner/work/_temp/956ef096-6cf8-4e95-b420-c3b504c2d629' before making global git config changes
2026-09-18T05:16:14.0959208Z Adding repository directory to the temporary git global config as a safe directory
2026-09-18T05:16:14.0961476Z [command]/usr/bin/git config --global --add safe.directory /home/runner/work/aether-vpn-engine/aether-vpn-engine
2026-09-18T05:16:14.0965684Z Deleting the contents of '/home/runner/work/aether-vpn-engine/aether-vpn-engine'
2026-09-18T05:16:14.0967825Z ##[group]Initializing the repository
2026-09-18T05:16:14.0969920Z [command]/usr/bin/git init /home/runner/work/aether-vpn-engine/aether-vpn-engine
2026-09-18T05:16:14.0971833Z hint: Using 'master' as the name for the initial branch. This default branch name
2026-09-18T05:16:14.0974073Z hint: will change to "main" in Git 3.0. To configure the initial branch name
2026-09-18T05:16:14.0976032Z hint: to use in all of your new repositories, which will suppress this warning,
2026-09-18T05:16:14.0977622Z hint: call:
2026-09-18T05:16:14.0978729Z hint:
2026-09-18T05:16:14.0981329Z hint: 	git config --global init.defaultBranch <name>
2026-09-18T05:16:14.0982988Z hint:
2026-09-18T05:16:14.0984562Z hint: Names commonly chosen instead of 'master' are 'main', 'trunk' and
2026-09-18T05:16:14.0986500Z hint: 'development'. The just-created branch can be renamed via this command:
2026-09-18T05:16:14.0988344Z hint:
2026-09-18T05:16:14.0989360Z hint: 	git branch -m <name>
2026-09-18T05:16:14.0990545Z hint:
2026-09-18T05:16:14.0992361Z hint: Disable this message with "git config set advice.defaultBranchName false"
2026-09-18T05:16:14.0994724Z Initialized empty Git repository in /home/runner/work/aether-vpn-engine/aether-vpn-engine/.git/
2026-09-18T05:16:14.0998539Z [command]/usr/bin/git remote add origin https://github.com/ThunderIsMad/aether-vpn-engine
2026-09-18T05:16:14.1003763Z ##[endgroup]
2026-09-18T05:16:14.1009164Z ##[group]Disabling automatic garbage collection
2026-09-18T05:16:14.1011077Z [command]/usr/bin/git config --local gc.auto 0
2026-09-18T05:16:14.1088268Z ##[endgroup]
2026-09-18T05:16:14.1120751Z ##[group]Setting up auth
2026-09-18T05:16:14.1143635Z [command]/usr/bin/git config --local --name-only --get-regexp core\.sshCommand
2026-09-18T05:16:14.1172016Z [command]/usr/bin/git submodule foreach --recursive sh -c "git config --local --name-only --get-regexp 'core\.sshCommand' && git config --local --unset-all 'core.sshCommand' || :"
2026-09-18T05:16:14.1891602Z [command]/usr/bin/git config --local --name-only --get-regexp http\.https\:\/\/github\.com\/\.extraheader
2026-09-18T05:16:14.1927839Z [command]/usr/bin/git submodule foreach --recursive sh -c "git config --local --name-only --get-regexp 'http\.https\:\/\/github\.com\/\.extraheader' && git config --local --unset-all 'http.https://github.com/.extraheader' || :"
2026-09-18T05:16:14.1933572Z [command]/usr/bin/git config --local --name-only --get-regexp ^includeIf\.gitdir:
2026-09-18T05:16:14.1954104Z [command]/usr/bin/git submodule foreach --recursive git config --local --show-origin --name-only --get-regexp remote.origin.url
2026-09-18T05:16:14.2149592Z [command]/usr/bin/git config --local http.https://github.com/.extraheader AUTHORIZATION: basic ***
2026-09-18T05:16:14.2184853Z ##[endgroup]
2026-09-18T05:16:14.2186988Z ##[group]Fetching the repository
2026-09-18T05:16:14.2200984Z [command]/usr/bin/git -c protocol.version=2 fetch --no-tags --prune --no-recurse-submodules --depth=1 origin +dc0602eb8b07500076d3bb20ffac67dbc26d6c53:refs/remotes/origin/main
2026-09-18T05:16:15.1806713Z From https://github.com/ThunderIsMad/aether-vpn-engine
2026-09-18T05:16:15.1813411Z  * [new ref]         dc0602eb8b07500076d3bb20ffac67dbc26d6c53 -> origin/main
2026-09-18T05:16:15.1836591Z ##[endgroup]
2026-09-18T05:16:15.1840590Z ##[group]Determining the checkout info
2026-09-18T05:16:15.1844145Z ##[endgroup]
2026-09-18T05:16:15.1845531Z [command]/usr/bin/git sparse-checkout disable
2026-09-18T05:16:15.1849588Z [command]/usr/bin/git config --local --unset-all extensions.worktreeConfig
2026-09-18T05:16:15.1853810Z ##[group]Checking out the ref
2026-09-18T05:16:15.1855662Z [command]/usr/bin/git checkout --progress --force -B main refs/remotes/origin/main
2026-09-18T05:16:15.1857563Z Switched to a new branch 'main'
2026-09-18T05:16:15.1859253Z branch 'main' set up to track 'origin/main'.
2026-09-18T05:16:15.1864311Z ##[endgroup]
2026-09-18T05:16:15.1868423Z [command]/usr/bin/git log -1 --format=%H
2026-09-18T05:16:15.1870238Z dc0602eb8b07500076d3bb20ffac67dbc26d6c53
2026-09-18T05:16:15.1874675Z ##[group]Removing auth
2026-09-18T05:16:15.1876602Z [command]/usr/bin/git config --local --name-only --get-regexp core\.sshCommand
2026-09-18T05:16:15.1880362Z [command]/usr/bin/git submodule foreach --recursive sh -c "git config --local --name-only --get-regexp 'core\.sshCommand' && git config --local --unset-all 'core.sshCommand' || :"
2026-09-18T05:16:15.1885518Z [command]/usr/bin/git config --local --name-only --get-regexp http\.https\:\/\/github\.com\/\.extraheader
2026-09-18T05:16:15.1888127Z http.https://github.com/.extraheader
2026-09-18T05:16:15.1892506Z [command]/usr/bin/git config --local --unset-all http.https://github.com/.extraheader
2026-09-18T05:16:15.1898966Z [command]/usr/bin/git submodule foreach --recursive sh -c "git config --local --name-only --get-regexp 'http\.https\:\/\/github\.com\/\.extraheader' && git config --local --unset-all 'http.https://github.com/.extraheader' || :"
2026-09-18T05:16:15.2050047Z [command]/usr/bin/git config --local --name-only --get-regexp ^includeIf\.gitdir:
2026-09-18T05:16:15.2083572Z [command]/usr/bin/git submodule foreach --recursive git config --local --show-origin --name-only --get-regexp remote.origin.url
2026-09-18T05:16:15.2289167Z ##[endgroup]
2026-09-18T05:16:15.2505726Z ##[group]Run python3 -m venv "$RUNNER_TEMP/skill-venv"
2026-09-18T05:16:15.2507238Z [36;1mpython3 -m venv "$RUNNER_TEMP/skill-venv"[0m
2026-09-18T05:16:15.2508818Z [36;1m"$RUNNER_TEMP/skill-venv/bin/pip" install --quiet pyyaml==6.0.3[0m
2026-09-18T05:16:15.2542082Z shell: /usr/bin/bash -e {0}
2026-09-18T05:16:15.2543313Z ##[endgroup]
2026-09-18T05:16:19.9764681Z ##[group]Run "$RUNNER_TEMP/skill-venv/bin/python" scripts/validate_skills.py
2026-09-18T05:16:19.9765444Z [36;1m"$RUNNER_TEMP/skill-venv/bin/python" scripts/validate_skills.py[0m
2026-09-18T05:16:19.9789282Z shell: /usr/bin/bash -e {0}
2026-09-18T05:16:19.9789670Z ##[endgroup]
2026-09-18T05:16:20.0182767Z path                                              name                    name valid  status
2026-09-18T05:16:20.0183820Z ------------------------------------------------------------------------------------------------
2026-09-18T05:16:20.0185046Z .agents/skills/anti-air-audit                     anti-air-audit          True        OK
2026-09-18T05:16:20.0186130Z .agents/skills/claim-traceability                 claim-traceability      True        OK
2026-09-18T05:16:20.0187252Z .agents/skills/crate-feasibility                  crate-feasibility       True        OK
2026-09-18T05:16:20.0188348Z .agents/skills/impl-phase-driver                  impl-phase-driver       True        OK
2026-09-18T05:16:20.0189730Z .agents/skills/mechanism-drilldown                mechanism-drilldown     True        OK
2026-09-18T05:16:20.0193586Z .agents/skills/phase0-scaffold                    phase0-scaffold         True        OK
2026-09-18T05:16:20.0194793Z .agents/skills/rotation-test-writer               rotation-test-writer    True        OK
2026-09-18T05:16:20.0195465Z 
2026-09-18T05:16:20.0195833Z 7 skill(s), 0 error(s), 0 warning(s)
2026-09-18T05:16:20.0372025Z Node 20 is being deprecated. This workflow is running with Node 24 by default. If you need to temporarily use Node 20, you can set the ACTIONS_ALLOW_USE_UNSECURE_NODE_VERSION=true environment variable. For more information see: https://github.blog/changelog/2025-09-19-deprecation-of-node-20-on-github-actions-runners/
2026-09-18T05:16:20.0373961Z Post job cleanup.
2026-09-18T05:16:20.1386075Z [command]/usr/bin/git version
2026-09-18T05:16:20.1388127Z git version 2.55.0
2026-09-18T05:16:20.1392523Z Temporarily overriding HOME='/home/runner/work/_temp/f4b1e8f9-e83b-4de6-ad83-ba69910a5425' before making global git config changes
2026-09-18T05:16:20.1393875Z Adding repository directory to the temporary git global config as a safe directory
2026-09-18T05:16:20.1394888Z [command]/usr/bin/git config --global --add safe.directory /home/runner/work/aether-vpn-engine/aether-vpn-engine
2026-09-18T05:16:20.1457223Z [command]/usr/bin/git config --local --name-only --get-regexp core\.sshCommand
2026-09-18T05:16:20.1504917Z [command]/usr/bin/git submodule foreach --recursive sh -c "git config --local --name-only --get-regexp 'core\.sshCommand' && git config --local --unset-all 'core.sshCommand' || :"
2026-09-18T05:16:20.2317821Z [command]/usr/bin/git config --local --name-only --get-regexp http\.https\:\/\/github\.com\/\.extraheader
2026-09-18T05:16:20.2594669Z [command]/usr/bin/git submodule foreach --recursive sh -c "git config --local --name-only --get-regexp 'http\.https\:\/\/github\.com\/\.extraheader' && git config --local --unset-all 'http.https://github.com/.extraheader' || :"
2026-09-18T05:16:20.2821828Z [command]/usr/bin/git config --local --name-only --get-regexp ^includeIf\.gitdir:
2026-09-18T05:16:20.2825608Z [command]/usr/bin/git submodule foreach --recursive git config --local --show-origin --name-only --get-regexp remote.origin.url
2026-09-18T05:16:20.3195048Z Cleaning up orphan processes
2026-09-18T05:16:20.3402420Z ##[warning]Node.js 20 is deprecated. The following actions target Node.js 20 but are being forced to run on Node.js 24: actions/checkout@11d5960a326750d5838078e36cf38b85af677262. For more information see: https://github.blog/changelog/2025-09-19-deprecation-of-node-20-on-github-actions-runners/
