2026-09-18T08:09:05.0782881Z Current runner version: '2.337.0'
2026-09-18T08:09:05.0809520Z ##[group]Runner Image Provisioner
2026-09-18T08:09:05.0810466Z Hosted Compute Agent
2026-09-18T08:09:05.0811117Z Version: 20260828.587
2026-09-18T08:09:05.0811796Z Commit: abac92662cab4cc7352de4f9f9d2e2419aad9c29
2026-09-18T08:09:05.0812643Z Build Date: 2026-08-28T16:44:25Z
2026-09-18T08:09:05.0813448Z Worker ID: {5e242f3e-628b-452f-9816-b6ec4cd9c14b}
2026-09-18T08:09:05.0814431Z Azure Region: northcentralus
2026-09-18T08:09:05.0815098Z ##[endgroup]
2026-09-18T08:09:05.0816519Z ##[group]Operating System
2026-09-18T08:09:05.0817256Z Ubuntu
2026-09-18T08:09:05.0817853Z 24.04.5
2026-09-18T08:09:05.0818411Z LTS
2026-09-18T08:09:05.0819022Z ##[endgroup]
2026-09-18T08:09:05.0819616Z ##[group]Runner Image
2026-09-18T08:09:05.0820378Z Image: ubuntu-24.04
2026-09-18T08:09:05.0820989Z Version: 20260907.300.1
2026-09-18T08:09:05.0822343Z Included Software: https://github.com/actions/runner-images/blob/ubuntu24/20260907.300/images/ubuntu/Ubuntu2404-Readme.md
2026-09-18T08:09:05.0823889Z Image Release: https://github.com/actions/runner-images/releases/tag/ubuntu24%2F20260907.300
2026-09-18T08:09:05.0825431Z ##[endgroup]
2026-09-18T08:09:05.0826561Z ##[group]GITHUB_TOKEN Permissions
2026-09-18T08:09:05.0828905Z Contents: read
2026-09-18T08:09:05.0829533Z Metadata: read
2026-09-18T08:09:05.0830114Z ##[endgroup]
2026-09-18T08:09:05.0832752Z Secret source: Actions
2026-09-18T08:09:05.0833728Z Cache mode: write
2026-09-18T08:09:05.0834988Z Prepare workflow directory
2026-09-18T08:09:05.1265106Z Prepare all required actions
2026-09-18T08:09:05.1333137Z Getting action download info
2026-09-18T08:09:05.3567118Z Download action repository 'actions/checkout@11d5960a326750d5838078e36cf38b85af677262' (SHA:11d5960a326750d5838078e36cf38b85af677262)
2026-09-18T08:09:05.5952903Z Complete job name: Validate skills
2026-09-18T08:09:05.6842158Z Node 20 is being deprecated. This workflow is running with Node 24 by default. If you need to temporarily use Node 20, you can set the ACTIONS_ALLOW_USE_UNSECURE_NODE_VERSION=true environment variable. For more information see: https://github.blog/changelog/2025-09-19-deprecation-of-node-20-on-github-actions-runners/
2026-09-18T08:09:05.6851388Z ##[group]Run actions/checkout@11d5960a326750d5838078e36cf38b85af677262
2026-09-18T08:09:05.6852287Z with:
2026-09-18T08:09:05.6852768Z   persist-credentials: false
2026-09-18T08:09:05.6853341Z   repository: ThunderIsMad/aether-vpn-engine
2026-09-18T08:09:05.6857498Z   token: ***
2026-09-18T08:09:05.6858062Z   ssh-strict: true
2026-09-18T08:09:05.6858529Z   ssh-user: git
2026-09-18T08:09:05.6858975Z   clean: true
2026-09-18T08:09:05.6859441Z   sparse-checkout-cone-mode: true
2026-09-18T08:09:05.6860001Z   fetch-depth: 1
2026-09-18T08:09:05.6860447Z   fetch-tags: false
2026-09-18T08:09:05.6860906Z   show-progress: true
2026-09-18T08:09:05.6861417Z   lfs: false
2026-09-18T08:09:05.6861848Z   submodules: false
2026-09-18T08:09:05.6862371Z   set-safe-directory: true
2026-09-18T08:09:05.6862915Z   allow-unsafe-pr-checkout: false
2026-09-18T08:09:05.6863757Z ##[endgroup]
2026-09-18T08:09:05.7950376Z Syncing repository: ThunderIsMad/aether-vpn-engine
2026-09-18T08:09:05.7953220Z ##[group]Getting Git version info
2026-09-18T08:09:05.7954711Z Working directory is '/home/runner/work/aether-vpn-engine/aether-vpn-engine'
2026-09-18T08:09:05.7956429Z [command]/usr/bin/git version
2026-09-18T08:09:05.8033571Z git version 2.55.0
2026-09-18T08:09:05.8054539Z ##[endgroup]
2026-09-18T08:09:05.8070961Z Temporarily overriding HOME='/home/runner/work/_temp/01a8ec33-dd6f-46a0-9a09-580f1079160a' before making global git config changes
2026-09-18T08:09:05.8073236Z Adding repository directory to the temporary git global config as a safe directory
2026-09-18T08:09:05.8078055Z [command]/usr/bin/git config --global --add safe.directory /home/runner/work/aether-vpn-engine/aether-vpn-engine
2026-09-18T08:09:05.8128282Z Deleting the contents of '/home/runner/work/aether-vpn-engine/aether-vpn-engine'
2026-09-18T08:09:05.8136033Z ##[group]Initializing the repository
2026-09-18T08:09:05.8139007Z [command]/usr/bin/git init /home/runner/work/aether-vpn-engine/aether-vpn-engine
2026-09-18T08:09:05.8218287Z hint: Using 'master' as the name for the initial branch. This default branch name
2026-09-18T08:09:05.8220092Z hint: will change to "main" in Git 3.0. To configure the initial branch name
2026-09-18T08:09:05.8223185Z hint: to use in all of your new repositories, which will suppress this warning,
2026-09-18T08:09:05.8224757Z hint: call:
2026-09-18T08:09:05.8225588Z hint:
2026-09-18T08:09:05.8226540Z hint: 	git config --global init.defaultBranch <name>
2026-09-18T08:09:05.8227673Z hint:
2026-09-18T08:09:05.8228777Z hint: Names commonly chosen instead of 'master' are 'main', 'trunk' and
2026-09-18T08:09:05.8230538Z hint: 'development'. The just-created branch can be renamed via this command:
2026-09-18T08:09:05.8231887Z hint:
2026-09-18T08:09:05.8232714Z hint: 	git branch -m <name>
2026-09-18T08:09:05.8233641Z hint:
2026-09-18T08:09:05.8235045Z hint: Disable this message with "git config set advice.defaultBranchName false"
2026-09-18T08:09:05.8237246Z Initialized empty Git repository in /home/runner/work/aether-vpn-engine/aether-vpn-engine/.git/
2026-09-18T08:09:05.8240854Z [command]/usr/bin/git remote add origin https://github.com/ThunderIsMad/aether-vpn-engine
2026-09-18T08:09:05.8276297Z ##[endgroup]
2026-09-18T08:09:05.8277483Z ##[group]Disabling automatic garbage collection
2026-09-18T08:09:05.8281155Z [command]/usr/bin/git config --local gc.auto 0
2026-09-18T08:09:05.8314712Z ##[endgroup]
2026-09-18T08:09:05.8315864Z ##[group]Setting up auth
2026-09-18T08:09:05.8322664Z [command]/usr/bin/git config --local --name-only --get-regexp core\.sshCommand
2026-09-18T08:09:05.8362217Z [command]/usr/bin/git submodule foreach --recursive sh -c "git config --local --name-only --get-regexp 'core\.sshCommand' && git config --local --unset-all 'core.sshCommand' || :"
2026-09-18T08:09:05.8707077Z [command]/usr/bin/git config --local --name-only --get-regexp http\.https\:\/\/github\.com\/\.extraheader
2026-09-18T08:09:05.8750201Z [command]/usr/bin/git submodule foreach --recursive sh -c "git config --local --name-only --get-regexp 'http\.https\:\/\/github\.com\/\.extraheader' && git config --local --unset-all 'http.https://github.com/.extraheader' || :"
2026-09-18T08:09:05.9004842Z [command]/usr/bin/git config --local --name-only --get-regexp ^includeIf\.gitdir:
2026-09-18T08:09:05.9044483Z [command]/usr/bin/git submodule foreach --recursive git config --local --show-origin --name-only --get-regexp remote.origin.url
2026-09-18T08:09:05.9288633Z [command]/usr/bin/git config --local http.https://github.com/.extraheader AUTHORIZATION: basic ***
2026-09-18T08:09:05.9330108Z ##[endgroup]
2026-09-18T08:09:05.9330894Z ##[group]Fetching the repository
2026-09-18T08:09:05.9340468Z [command]/usr/bin/git -c protocol.version=2 fetch --no-tags --prune --no-recurse-submodules --depth=1 origin +8f052b5dbc5389ca525bff84e5a0e2e565444ad3:refs/remotes/origin/main
2026-09-18T08:09:06.5418009Z From https://github.com/ThunderIsMad/aether-vpn-engine
2026-09-18T08:09:06.5420177Z  * [new ref]         8f052b5dbc5389ca525bff84e5a0e2e565444ad3 -> origin/main
2026-09-18T08:09:06.5425162Z ##[endgroup]
2026-09-18T08:09:06.5426982Z ##[group]Determining the checkout info
2026-09-18T08:09:06.5429045Z ##[endgroup]
2026-09-18T08:09:06.5431128Z [command]/usr/bin/git sparse-checkout disable
2026-09-18T08:09:06.5485182Z [command]/usr/bin/git config --local --unset-all extensions.worktreeConfig
2026-09-18T08:09:06.5520039Z ##[group]Checking out the ref
2026-09-18T08:09:06.5523813Z [command]/usr/bin/git checkout --progress --force -B main refs/remotes/origin/main
2026-09-18T08:09:06.5682551Z Switched to a new branch 'main'
2026-09-18T08:09:06.5686767Z branch 'main' set up to track 'origin/main'.
2026-09-18T08:09:06.5694011Z ##[endgroup]
2026-09-18T08:09:06.5739006Z [command]/usr/bin/git log -1 --format=%H
2026-09-18T08:09:06.5768257Z 8f052b5dbc5389ca525bff84e5a0e2e565444ad3
2026-09-18T08:09:06.5779648Z ##[group]Removing auth
2026-09-18T08:09:06.5784024Z [command]/usr/bin/git config --local --name-only --get-regexp core\.sshCommand
2026-09-18T08:09:06.5821283Z [command]/usr/bin/git submodule foreach --recursive sh -c "git config --local --name-only --get-regexp 'core\.sshCommand' && git config --local --unset-all 'core.sshCommand' || :"
2026-09-18T08:09:06.6060697Z [command]/usr/bin/git config --local --name-only --get-regexp http\.https\:\/\/github\.com\/\.extraheader
2026-09-18T08:09:06.6090941Z http.https://github.com/.extraheader
2026-09-18T08:09:06.6099346Z [command]/usr/bin/git config --local --unset-all http.https://github.com/.extraheader
2026-09-18T08:09:06.6141122Z [command]/usr/bin/git submodule foreach --recursive sh -c "git config --local --name-only --get-regexp 'http\.https\:\/\/github\.com\/\.extraheader' && git config --local --unset-all 'http.https://github.com/.extraheader' || :"
2026-09-18T08:09:06.6378368Z [command]/usr/bin/git config --local --name-only --get-regexp ^includeIf\.gitdir:
2026-09-18T08:09:06.6412795Z [command]/usr/bin/git submodule foreach --recursive git config --local --show-origin --name-only --get-regexp remote.origin.url
2026-09-18T08:09:06.6648853Z ##[endgroup]
2026-09-18T08:09:06.6905464Z ##[group]Run python3 -m venv "$RUNNER_TEMP/skill-venv"
2026-09-18T08:09:06.6907278Z [36;1mpython3 -m venv "$RUNNER_TEMP/skill-venv"[0m
2026-09-18T08:09:06.6909172Z [36;1m"$RUNNER_TEMP/skill-venv/bin/pip" install --quiet pyyaml==6.0.3[0m
2026-09-18T08:09:06.6956568Z shell: /usr/bin/bash -e {0}
2026-09-18T08:09:06.6957783Z ##[endgroup]
2026-09-18T08:09:11.2394814Z ##[group]Run "$RUNNER_TEMP/skill-venv/bin/python" scripts/validate_skills.py
2026-09-18T08:09:11.2395535Z [36;1m"$RUNNER_TEMP/skill-venv/bin/python" scripts/validate_skills.py[0m
2026-09-18T08:09:11.2438078Z shell: /usr/bin/bash -e {0}
2026-09-18T08:09:11.2438400Z ##[endgroup]
2026-09-18T08:09:11.2890675Z path                                              name                    name valid  status
2026-09-18T08:09:11.2891846Z ------------------------------------------------------------------------------------------------
2026-09-18T08:09:11.2892917Z .agents/skills/anti-air-audit                     anti-air-audit          True        OK
2026-09-18T08:09:11.2893918Z .agents/skills/claim-traceability                 claim-traceability      True        OK
2026-09-18T08:09:11.2895197Z .agents/skills/crate-feasibility                  crate-feasibility       True        OK
2026-09-18T08:09:11.2896276Z .agents/skills/impl-phase-driver                  impl-phase-driver       True        OK
2026-09-18T08:09:11.2897290Z .agents/skills/mechanism-drilldown                mechanism-drilldown     True        OK
2026-09-18T08:09:11.2898274Z .agents/skills/phase0-scaffold                    phase0-scaffold         True        OK
2026-09-18T08:09:11.2899232Z .agents/skills/rotation-test-writer               rotation-test-writer    True        OK
2026-09-18T08:09:11.2899837Z 
2026-09-18T08:09:11.2900042Z 7 skill(s), 0 error(s), 0 warning(s)
2026-09-18T08:09:11.3063247Z Node 20 is being deprecated. This workflow is running with Node 24 by default. If you need to temporarily use Node 20, you can set the ACTIONS_ALLOW_USE_UNSECURE_NODE_VERSION=true environment variable. For more information see: https://github.blog/changelog/2025-09-19-deprecation-of-node-20-on-github-actions-runners/
2026-09-18T08:09:11.3065340Z Post job cleanup.
2026-09-18T08:09:11.4006217Z [command]/usr/bin/git version
2026-09-18T08:09:11.4048154Z git version 2.55.0
2026-09-18T08:09:11.4087004Z Temporarily overriding HOME='/home/runner/work/_temp/a015d730-6190-4c96-8d87-03409c88e8fd' before making global git config changes
2026-09-18T08:09:11.4088624Z Adding repository directory to the temporary git global config as a safe directory
2026-09-18T08:09:11.4092756Z [command]/usr/bin/git config --global --add safe.directory /home/runner/work/aether-vpn-engine/aether-vpn-engine
2026-09-18T08:09:11.4137086Z [command]/usr/bin/git config --local --name-only --get-regexp core\.sshCommand
2026-09-18T08:09:11.4173589Z [command]/usr/bin/git submodule foreach --recursive sh -c "git config --local --name-only --get-regexp 'core\.sshCommand' && git config --local --unset-all 'core.sshCommand' || :"
2026-09-18T08:09:11.4447025Z [command]/usr/bin/git config --local --name-only --get-regexp http\.https\:\/\/github\.com\/\.extraheader
2026-09-18T08:09:11.4498035Z [command]/usr/bin/git submodule foreach --recursive sh -c "git config --local --name-only --get-regexp 'http\.https\:\/\/github\.com\/\.extraheader' && git config --local --unset-all 'http.https://github.com/.extraheader' || :"
2026-09-18T08:09:11.4878589Z [command]/usr/bin/git config --local --name-only --get-regexp ^includeIf\.gitdir:
2026-09-18T08:09:11.4918664Z [command]/usr/bin/git submodule foreach --recursive git config --local --show-origin --name-only --get-regexp remote.origin.url
2026-09-18T08:09:11.5333536Z Cleaning up orphan processes
2026-09-18T08:09:11.5627770Z ##[warning]Node.js 20 is deprecated. The following actions target Node.js 20 but are being forced to run on Node.js 24: actions/checkout@11d5960a326750d5838078e36cf38b85af677262. For more information see: https://github.blog/changelog/2025-09-19-deprecation-of-node-20-on-github-actions-runners/
